
> react-typescript-starter@0.1.0 test
> react-scripts test "--coverage"

PASS src/nested.test.ts
PASS src/arrays.test.ts
PASS src/objects.test.ts
PASS src/components/StartAttempt.test.tsx
PASS src/components/TwoDice.test.tsx
PASS src/form-components/MultipleChoiceQuestion.test.tsx
PASS src/bad-components/ChooseTeam.test.tsx
PASS src/bad-components/DoubleHalf.test.tsx
PASS src/functions.test.ts
PASS src/form-components/CheckAnswer.test.tsx
PASS src/form-components/EditMode.test.tsx
PASS src/components/ChangeType.test.tsx
PASS src/components/CycleHoliday.test.tsx
PASS src/form-components/GiveAttempts.test.tsx
  ● Console

    console.error
      Warning: Received NaN for the `value` attribute. If this is expected, cast the value to a string.
          at input
          at /home/runner/work/tasks/tasks/node_modules/react-bootstrap/cjs/FormControl.js:27:3
          at div
          at /home/runner/work/tasks/tasks/node_modules/react-bootstrap/cjs/FormGroup.js:19:3
          at div
          at GiveAttempts (/home/runner/work/tasks/tasks/src/form-components/GiveAttempts.tsx:9:43)

      at printWarning (node_modules/react-dom/cjs/react-dom.development.js:67:30)
      at error (node_modules/react-dom/cjs/react-dom.development.js:43:5)
      at validateProperty$1 (node_modules/react-dom/cjs/react-dom.development.js:3492:7)
      at warnUnknownProperties (node_modules/react-dom/cjs/react-dom.development.js:3559:21)
      at validateProperties$2 (node_modules/react-dom/cjs/react-dom.development.js:3583:3)
      at validatePropertiesInDevelopment (node_modules/react-dom/cjs/react-dom.development.js:8765:5)
      at diffProperties (node_modules/react-dom/cjs/react-dom.development.js:9172:5)
      at prepareUpdate (node_modules/react-dom/cjs/react-dom.development.js:10215:10)

PASS src/form-components/ChangeColor.test.tsx
PASS src/components/Counter.test.tsx
PASS src/components/RevealAnswer.test.tsx
PASS src/bad-components/ColoredBox.test.tsx
PASS src/bad-components/ShoveBox.test.tsx
PASS src/quizzer/Quizzer.test.tsx
PASS src/App.test.tsx
-------------------------------|---------|----------|---------|---------|-------------------
File                           | % Stmts | % Branch | % Funcs | % Lines | Uncovered Line #s 
-------------------------------|---------|----------|---------|---------|-------------------
All files                      |   99.62 |    97.95 |     100 |   99.61 |                   
 src                           |    99.4 |    98.38 |     100 |   99.39 |                   
  App.tsx                      |     100 |      100 |     100 |     100 |                   
  arrays.ts                    |   98.27 |    95.23 |     100 |   98.14 | 95                
  functions.ts                 |     100 |      100 |     100 |     100 |                   
  nested.ts                    |     100 |      100 |     100 |     100 |                   
  objects.ts                   |     100 |      100 |     100 |     100 |                   
 src/bad-components            |     100 |       50 |     100 |     100 |                   
  ChooseTeam.tsx               |     100 |       50 |     100 |     100 | 18                
  ColoredBox.tsx               |     100 |      100 |     100 |     100 |                   
  DoubleHalf.tsx               |     100 |      100 |     100 |     100 |                   
  ShoveBox.tsx                 |     100 |      100 |     100 |     100 |                   
 src/components                |     100 |      100 |     100 |     100 |                   
  ChangeType.tsx               |     100 |      100 |     100 |     100 |                   
  Counter.tsx                  |     100 |      100 |     100 |     100 |                   
  CycleHoliday.tsx             |     100 |      100 |     100 |     100 |                   
  RevealAnswer.tsx             |     100 |      100 |     100 |     100 |                   
  StartAttempt.tsx             |     100 |      100 |     100 |     100 |                   
  TwoDice.tsx                  |     100 |      100 |     100 |     100 |                   
 src/form-components           |     100 |      100 |     100 |     100 |                   
  ChangeColor.tsx              |     100 |      100 |     100 |     100 |                   
  CheckAnswer.tsx              |     100 |      100 |     100 |     100 |                   
  EditMode.tsx                 |     100 |      100 |     100 |     100 |                   
  GiveAttempts.tsx             |     100 |      100 |     100 |     100 |                   
  MultipleChoiceQuestion.tsx   |     100 |      100 |     100 |     100 |                   
 src/interfaces                |       0 |        0 |       0 |       0 |                   
  answer.ts                    |       0 |        0 |       0 |       0 |                   
  question.ts                  |       0 |        0 |       0 |       0 |                   
 src/quizzer                   |     100 |      100 |     100 |     100 |                   
  Quizzer.tsx                  |     100 |      100 |     100 |     100 |                   
 src/quizzer/quizzerinterfaces |       0 |        0 |       0 |       0 |                   
  quiz.ts                      |       0 |        0 |       0 |       0 |                   
  quizquestion.ts              |       0 |        0 |       0 |       0 |                   
-------------------------------|---------|----------|---------|---------|-------------------

Test Suites: 21 passed, 21 total
Tests:       135 passed, 135 total
Snapshots:   0 total
Time:        11.825 s
Ran all test suites.
